// Vitest Snapshot v1, https://vitest.dev/guide/snapshot.html

exports[`email templates original output > locks every exported pure builder and optional branches 1`] = `
{
  "escapeHtml": "&lt;&gt;&amp;&quot;&#39;",
  "feedback": {
    "html": "<!DOCTYPE html>
<html lang="en">
  <body style="margin:0;padding:24px;background:#FBFBF9;font-family:Arial,Helvetica,sans-serif;color:#191B1E;">
    <table role="presentation" width="100%" cellspacing="0" cellpadding="0" style="max-width:640px;margin:0 auto;border-collapse:collapse;">
      <tr>
        <td style="padding:24px;border:1px solid #E6E6E0;border-radius:16px;background:#FFFFFF;">
          <div style="font-size:20px;font-weight:700;color:#191B1E;">🐛 Bug report</div>
          <div style="margin-top:16px;font-size:14px;line-height:1.7;color:#3A3F45;">
            <p style="margin:0;"><strong>From:</strong> Alexandra &amp; Morgan &lt;The Very Long Tenant Name&gt; O&#39;Connor-Smith - alex@example.com (tenant)</p>
            <p style="margin:8px 0 0 0;"><strong>Page:</strong> https://domusbase.com/tenant?tab=rent&amp;unit=B</p>
            <p style="margin:8px 0 0 0;"><strong>Type:</strong> Bug</p>
          </div>
          <div style="margin-top:20px;padding:16px;border-radius:16px;border:1px solid #E6E6E0;background:#F5F5F1;font-size:14px;line-height:1.7;color:#191B1E;">
            Broken &lt;button&gt; &amp; rent
          </div>
          <div style="margin-top:24px;">
            <a href="https://domusbase.com/ops?section=feedback" style="display:inline-block;border-radius:999px;background:#1D4ED8;padding:12px 20px;font-size:14px;font-weight:700;color:#FFFFFF;text-decoration:none;">
              View all feedback
            </a>
          </div>
        </td>
      </tr>
    </table>
  </body>
</html>",
    "subject": "[Domus Feedback] Bug report from Alexandra & Morgan <The Very Long Tenant Name> O'Connor-Smith",
    "text": "🐛 Bug report
From: Alexandra & Morgan <The Very Long Tenant Name> O'Connor-Smith - alex@example.com (tenant)
Page: https://domusbase.com/tenant?tab=rent&unit=B
Type: Bug

Broken <button> & rent

View all feedback: https://domusbase.com/ops?section=feedback",
  },
  "feedbackAnonymous": {
    "html": "<!DOCTYPE html>
<html lang="en">
  <body style="margin:0;padding:24px;background:#FBFBF9;font-family:Arial,Helvetica,sans-serif;color:#191B1E;">
    <table role="presentation" width="100%" cellspacing="0" cellpadding="0" style="max-width:640px;margin:0 auto;border-collapse:collapse;">
      <tr>
        <td style="padding:24px;border:1px solid #E6E6E0;border-radius:16px;background:#FFFFFF;">
          <div style="font-size:20px;font-weight:700;color:#191B1E;">💡 Feature request</div>
          <div style="margin-top:16px;font-size:14px;line-height:1.7;color:#3A3F45;">
            <p style="margin:0;"><strong>From:</strong> Anonymous</p>
            <p style="margin:8px 0 0 0;"><strong>Page:</strong> https://domusbase.com/tenant?tab=rent&amp;unit=B</p>
            <p style="margin:8px 0 0 0;"><strong>Type:</strong> Feature</p>
          </div>
          <div style="margin-top:20px;padding:16px;border-radius:16px;border:1px solid #E6E6E0;background:#F5F5F1;font-size:14px;line-height:1.7;color:#191B1E;">
            Please add reports
          </div>
          <div style="margin-top:24px;">
            <a href="https://domusbase.com/ops?section=feedback" style="display:inline-block;border-radius:999px;background:#1D4ED8;padding:12px 20px;font-size:14px;font-weight:700;color:#FFFFFF;text-decoration:none;">
              View all feedback
            </a>
          </div>
        </td>
      </tr>
    </table>
  </body>
</html>",
    "subject": "[Domus Feedback] Feature request from Anonymous",
    "text": "💡 Feature request
From: Anonymous
Page: https://domusbase.com/tenant?tab=rent&unit=B
Type: Feature

Please add reports

View all feedback: https://domusbase.com/ops?section=feedback",
  },
  "invoice": {
    "html": "<!DOCTYPE html>
<html lang="en">
  <body style="margin:0;padding:24px;background-color:#FBFBF9;font-family:Arial,Helvetica,sans-serif;color:#191B1E;">
    
    <span style="display:none;font-size:1px;color:#FBFBF9;line-height:1px;max-height:0;max-width:0;opacity:0;overflow:hidden;">
      Invoice INV-188 from Courtney &amp; Co - $1,234.56 paid
    </span>
    <table role="presentation" width="100%" cellspacing="0" cellpadding="0" style="border-collapse:collapse;">
      <tr>
        <td align="center">
          <table role="presentation" width="100%" cellspacing="0" cellpadding="0" style="max-width:600px;border-collapse:collapse;">
            <tr>
              <td style="padding:20px 24px;background-color:#FFFFFF;border:1px solid #E6E6E0;border-bottom:none;border-radius:16px 16px 0 0;">
                <table role="presentation" width="100%" cellspacing="0" cellpadding="0" style="border-collapse:collapse;">
                  <tr>
                    <td style="vertical-align:middle;">
                      <div style="font-size:20px;font-weight:700;line-height:1.2;color:#191B1E;">Domus</div>
                      <div style="margin-top:4px;font-size:12px;line-height:1.4;color:#6F757C;">
                        Manage your rentals
                      </div>
                    </td>
                  </tr>
                </table>
              </td>
            </tr>
            <tr>
              <td style="padding:32px 24px;background-color:#FFFFFF;border-left:1px solid #E6E6E0;border-right:1px solid #E6E6E0;">
                <div style="font-size:24px;font-weight:700;line-height:1.3;color:#191B1E;">Manager payment confirmed</div>
                <div style="margin-top:14px;font-size:15px;line-height:1.7;color:#3A3F45;">
                  <p style="margin:0;">Hi Alexandra &amp; Morgan &lt;The Very Long Tenant Name&gt; O&#39;Connor-Smith, Courtney &amp; Co marked the repair for Oak &lt;House&gt; as paid.
        The amount was $1,234.56 on October 7, 2026.</p><p style="margin:16px 0 0 0;">Description: <strong>Pipe &lt;repair&gt;</strong></p><p style="margin:16px 0 0 0;">Invoice number: <strong>INV-188</strong></p><p style="margin:16px 0 0 0;">Property: <strong>Oak &lt;House&gt;</strong></p><p style="margin:16px 0 0 0;">Amount: <strong>$1,234.56</strong></p><p style="margin:16px 0 0 0;">Open Domus to download the PDF invoice and review the payment record.</p>
                </div>
                <table role="presentation" cellspacing="0" cellpadding="0" style="margin-top:24px;border-collapse:collapse;">
                  <tr>
                    <td align="center" bgcolor="#1D4ED8" style="border-radius:999px;">
                      <a
                        href="https://domusbase.com/tenant?tab=rent&amp;unit=B"
                        style="display:inline-block;padding:12px 22px;font-size:14px;font-weight:700;line-height:1;text-decoration:none;color:#FFFFFF;"
                      >
                        Open Invoice
                      </a>
                    </td>
                  </tr>
                </table>
              </td>
            </tr>
            <tr>
              <td style="padding:18px 24px;background-color:#FFFFFF;border:1px solid #E6E6E0;border-top:none;border-radius:0 0 16px 16px;">
                <div style="font-size:12px;line-height:1.6;color:#6F757C;">
                  Domus. Manage your rentals.<br />
                  Manage rent, repairs, files, and messages in one place.
                </div>
                
                <div style="margin-top:8px;font-size:12px;line-height:1.6;color:#6F757C;">
                  <a href="https://domusbase.com/settings" style="color:#1D4ED8;text-decoration:underline;">
                    Manage notification preferences
                  </a>
                </div>
              </td>
            </tr>
          </table>
        </td>
      </tr>
    </table>
  </body>
</html>",
    "subject": "Invoice INV-188 from Courtney & Co - $1,234.56 paid",
    "text": "Hi Alexandra & Morgan <The Very Long Tenant Name> O'Connor-Smith, Courtney & Co marked the repair for Oak <House> as paid.
        The amount was $1,234.56 on October 7, 2026.
Description: Pipe <repair>
Invoice number: INV-188
Property: Oak <House>
Amount: $1,234.56

Open invoice: https://domusbase.com/tenant?tab=rent&unit=B

Manage notification preferences: https://domusbase.com/settings",
  },
  "invoicePending": {
    "html": "<!DOCTYPE html>
<html lang="en">
  <body style="margin:0;padding:24px;background-color:#FBFBF9;font-family:Arial,Helvetica,sans-serif;color:#191B1E;">
    
    <span style="display:none;font-size:1px;color:#FBFBF9;line-height:1px;max-height:0;max-width:0;opacity:0;overflow:hidden;">
      Invoice INV-189 from Courtney - $0.00
    </span>
    <table role="presentation" width="100%" cellspacing="0" cellpadding="0" style="border-collapse:collapse;">
      <tr>
        <td align="center">
          <table role="presentation" width="100%" cellspacing="0" cellpadding="0" style="max-width:600px;border-collapse:collapse;">
            <tr>
              <td style="padding:20px 24px;background-color:#FFFFFF;border:1px solid #E6E6E0;border-bottom:none;border-radius:16px 16px 0 0;">
                <table role="presentation" width="100%" cellspacing="0" cellpadding="0" style="border-collapse:collapse;">
                  <tr>
                    <td style="vertical-align:middle;">
                      <div style="font-size:20px;font-weight:700;line-height:1.2;color:#191B1E;">Domus</div>
                      <div style="margin-top:4px;font-size:12px;line-height:1.4;color:#6F757C;">
                        Manage your rentals
                      </div>
                    </td>
                  </tr>
                </table>
              </td>
            </tr>
            <tr>
              <td style="padding:32px 24px;background-color:#FFFFFF;border-left:1px solid #E6E6E0;border-right:1px solid #E6E6E0;">
                <div style="font-size:24px;font-weight:700;line-height:1.3;color:#191B1E;">Manager payment invoice</div>
                <div style="margin-top:14px;font-size:15px;line-height:1.7;color:#3A3F45;">
                  <p style="margin:0;">Hi Alex, Courtney recorded a fee bill for Oak.
        The amount was $0.00 on October 7, 2026.</p><p style="margin:16px 0 0 0;">Description: <strong>Credit</strong></p><p style="margin:16px 0 0 0;">Invoice number: <strong>INV-189</strong></p><p style="margin:16px 0 0 0;">Property: <strong>Oak</strong></p><p style="margin:16px 0 0 0;">Amount: <strong>$0.00</strong></p><p style="margin:16px 0 0 0;">Open Domus to download the PDF invoice and review the payment record.</p>
                </div>
                <table role="presentation" cellspacing="0" cellpadding="0" style="margin-top:24px;border-collapse:collapse;">
                  <tr>
                    <td align="center" bgcolor="#1D4ED8" style="border-radius:999px;">
                      <a
                        href="https://domusbase.com/tenant?tab=rent&amp;unit=B"
                        style="display:inline-block;padding:12px 22px;font-size:14px;font-weight:700;line-height:1;text-decoration:none;color:#FFFFFF;"
                      >
                        Open Invoice
                      </a>
                    </td>
                  </tr>
                </table>
              </td>
            </tr>
            <tr>
              <td style="padding:18px 24px;background-color:#FFFFFF;border:1px solid #E6E6E0;border-top:none;border-radius:0 0 16px 16px;">
                <div style="font-size:12px;line-height:1.6;color:#6F757C;">
                  Domus. Manage your rentals.<br />
                  Manage rent, repairs, files, and messages in one place.
                </div>
                
                <div style="margin-top:8px;font-size:12px;line-height:1.6;color:#6F757C;">
                  <a href="https://domusbase.com/settings" style="color:#1D4ED8;text-decoration:underline;">
                    Manage notification preferences
                  </a>
                </div>
              </td>
            </tr>
          </table>
        </td>
      </tr>
    </table>
  </body>
</html>",
    "subject": "Invoice INV-189 from Courtney - $0.00",
    "text": "Hi Alex, Courtney recorded a fee bill for Oak.
        The amount was $0.00 on October 7, 2026.
Description: Credit
Invoice number: INV-189
Property: Oak
Amount: $0.00

Open invoice: https://domusbase.com/tenant?tab=rent&unit=B

Manage notification preferences: https://domusbase.com/settings",
  },
  "llc": {
    "html": "<!DOCTYPE html>
<html lang="en">
  <body style="margin:0;padding:24px;background-color:#FBFBF9;font-family:Arial,Helvetica,sans-serif;color:#191B1E;">
    
    <span style="display:none;font-size:1px;color:#FBFBF9;line-height:1px;max-height:0;max-width:0;opacity:0;overflow:hidden;">
      You&#39;ve been invited to join Oak &amp; Elm LLC on Domus
    </span>
    <table role="presentation" width="100%" cellspacing="0" cellpadding="0" style="border-collapse:collapse;">
      <tr>
        <td align="center">
          <table role="presentation" width="100%" cellspacing="0" cellpadding="0" style="max-width:600px;border-collapse:collapse;">
            <tr>
              <td style="padding:20px 24px;background-color:#FFFFFF;border:1px solid #E6E6E0;border-bottom:none;border-radius:16px 16px 0 0;">
                <table role="presentation" width="100%" cellspacing="0" cellpadding="0" style="border-collapse:collapse;">
                  <tr>
                    <td style="vertical-align:middle;">
                      <div style="font-size:20px;font-weight:700;line-height:1.2;color:#191B1E;">Domus</div>
                      <div style="margin-top:4px;font-size:12px;line-height:1.4;color:#6F757C;">
                        Manage your rentals
                      </div>
                    </td>
                  </tr>
                </table>
              </td>
            </tr>
            <tr>
              <td style="padding:32px 24px;background-color:#FFFFFF;border-left:1px solid #E6E6E0;border-right:1px solid #E6E6E0;">
                <div style="font-size:24px;font-weight:700;line-height:1.3;color:#191B1E;">Join Oak &amp; Elm LLC on Domus</div>
                <div style="margin-top:14px;font-size:15px;line-height:1.7;color:#3A3F45;">
                  <p style="margin:0;">Hi,</p><p style="margin:16px 0 0 0;">Alexandra &amp; Morgan &lt;The Very Long Tenant Name&gt; O&#39;Connor-Smith has invited you to join <strong>Oak &amp; Elm LLC</strong> on Domus.</p><p style="margin:16px 0 0 0;">Accept the invite to manage LLC properties with others. You can also review shared money records.</p><p style="margin:16px 0 0 0;">This invitation expires in 7 days.</p>
                </div>
                <table role="presentation" cellspacing="0" cellpadding="0" style="margin-top:24px;border-collapse:collapse;">
                  <tr>
                    <td align="center" bgcolor="#1D4ED8" style="border-radius:999px;">
                      <a
                        href="https://domusbase.com/tenant?tab=rent&amp;unit=B"
                        style="display:inline-block;padding:12px 22px;font-size:14px;font-weight:700;line-height:1;text-decoration:none;color:#FFFFFF;"
                      >
                        Accept Invitation
                      </a>
                    </td>
                  </tr>
                </table>
              </td>
            </tr>
            <tr>
              <td style="padding:18px 24px;background-color:#FFFFFF;border:1px solid #E6E6E0;border-top:none;border-radius:0 0 16px 16px;">
                <div style="font-size:12px;line-height:1.6;color:#6F757C;">
                  Domus. Manage your rentals.<br />
                  Manage rent, repairs, files, and messages in one place.
                </div>
                
                <div style="margin-top:8px;font-size:12px;line-height:1.6;color:#6F757C;">
                  <a href="https://domusbase.com/settings" style="color:#1D4ED8;text-decoration:underline;">
                    Manage notification preferences
                  </a>
                </div>
              </td>
            </tr>
          </table>
        </td>
      </tr>
    </table>
  </body>
</html>",
    "subject": "You've been invited to join Oak & Elm LLC on Domus",
    "text": "Hi,

Alexandra & Morgan <The Very Long Tenant Name> O'Connor-Smith has invited you to join Oak & Elm LLC on Domus.

Accept invitation: https://domusbase.com/tenant?tab=rent&unit=B

This invitation expires in 7 days.",
  },
  "notification": "<!DOCTYPE html>
<html lang="en">
  <body style="margin:0;padding:24px;background-color:#FBFBF9;font-family:Arial,Helvetica,sans-serif;color:#191B1E;">
    
    <span style="display:none;font-size:1px;color:#FBFBF9;line-height:1px;max-height:0;max-width:0;opacity:0;overflow:hidden;">
      Due today
    </span>
    <table role="presentation" width="100%" cellspacing="0" cellpadding="0" style="border-collapse:collapse;">
      <tr>
        <td align="center">
          <table role="presentation" width="100%" cellspacing="0" cellpadding="0" style="max-width:600px;border-collapse:collapse;">
            <tr>
              <td style="padding:20px 24px;background-color:#FFFFFF;border:1px solid #E6E6E0;border-bottom:none;border-radius:16px 16px 0 0;">
                <table role="presentation" width="100%" cellspacing="0" cellpadding="0" style="border-collapse:collapse;">
                  <tr>
                    <td style="vertical-align:middle;">
                      <div style="font-size:20px;font-weight:700;line-height:1.2;color:#191B1E;">Domus</div>
                      <div style="margin-top:4px;font-size:12px;line-height:1.4;color:#6F757C;">
                        Manage your rentals
                      </div>
                    </td>
                  </tr>
                </table>
              </td>
            </tr>
            <tr>
              <td style="padding:32px 24px;background-color:#FFFFFF;border-left:1px solid #E6E6E0;border-right:1px solid #E6E6E0;">
                <div style="font-size:24px;font-weight:700;line-height:1.3;color:#191B1E;">Rent &lt;due&gt;</div>
                <div style="margin-top:14px;font-size:15px;line-height:1.7;color:#3A3F45;">
                  Pay &amp; confirm<br />Today
                </div>
                <table role="presentation" cellspacing="0" cellpadding="0" style="margin-top:24px;border-collapse:collapse;">
                  <tr>
                    <td align="center" bgcolor="#1D4ED8" style="border-radius:999px;">
                      <a
                        href="https://domusbase.com/tenant?tab=rent&amp;unit=B"
                        style="display:inline-block;padding:12px 22px;font-size:14px;font-weight:700;line-height:1;text-decoration:none;color:#FFFFFF;"
                      >
                        Pay now
                      </a>
                    </td>
                  </tr>
                </table>
              </td>
            </tr>
            <tr>
              <td style="padding:18px 24px;background-color:#FFFFFF;border:1px solid #E6E6E0;border-top:none;border-radius:0 0 16px 16px;">
                <div style="font-size:12px;line-height:1.6;color:#6F757C;">
                  Domus. Manage your rentals.<br />
                  Manage rent, repairs, files, and messages in one place.
                </div>
                
                <div style="margin-top:8px;font-size:12px;line-height:1.6;color:#6F757C;">
                  <a href="https://domusbase.com/settings" style="color:#1D4ED8;text-decoration:underline;">
                    Manage notification preferences
                  </a>
                </div>
              </td>
            </tr>
          </table>
        </td>
      </tr>
    </table>
  </body>
</html>",
  "notificationMinimal": "<!DOCTYPE html>
<html lang="en">
  <body style="margin:0;padding:24px;background-color:#FBFBF9;font-family:Arial,Helvetica,sans-serif;color:#191B1E;">
    
    <table role="presentation" width="100%" cellspacing="0" cellpadding="0" style="border-collapse:collapse;">
      <tr>
        <td align="center">
          <table role="presentation" width="100%" cellspacing="0" cellpadding="0" style="max-width:600px;border-collapse:collapse;">
            <tr>
              <td style="padding:20px 24px;background-color:#FFFFFF;border:1px solid #E6E6E0;border-bottom:none;border-radius:16px 16px 0 0;">
                <table role="presentation" width="100%" cellspacing="0" cellpadding="0" style="border-collapse:collapse;">
                  <tr>
                    <td style="vertical-align:middle;">
                      <div style="font-size:20px;font-weight:700;line-height:1.2;color:#191B1E;">Domus</div>
                      <div style="margin-top:4px;font-size:12px;line-height:1.4;color:#6F757C;">
                        Manage your rentals
                      </div>
                    </td>
                  </tr>
                </table>
              </td>
            </tr>
            <tr>
              <td style="padding:32px 24px;background-color:#FFFFFF;border-left:1px solid #E6E6E0;border-right:1px solid #E6E6E0;">
                <div style="font-size:24px;font-weight:700;line-height:1.3;color:#191B1E;">Hello</div>
                <div style="margin-top:14px;font-size:15px;line-height:1.7;color:#3A3F45;">
                  Welcome
                </div>
                <table role="presentation" cellspacing="0" cellpadding="0" style="margin-top:24px;border-collapse:collapse;">
                  <tr>
                    <td align="center" bgcolor="#1D4ED8" style="border-radius:999px;">
                      <a
                        href="https://domusbase.com"
                        style="display:inline-block;padding:12px 22px;font-size:14px;font-weight:700;line-height:1;text-decoration:none;color:#FFFFFF;"
                      >
                        Open Domus
                      </a>
                    </td>
                  </tr>
                </table>
              </td>
            </tr>
            <tr>
              <td style="padding:18px 24px;background-color:#FFFFFF;border:1px solid #E6E6E0;border-top:none;border-radius:0 0 16px 16px;">
                <div style="font-size:12px;line-height:1.6;color:#6F757C;">
                  Domus. Manage your rentals.<br />
                  Manage rent, repairs, files, and messages in one place.
                </div>
                
                <div style="margin-top:8px;font-size:12px;line-height:1.6;color:#6F757C;">
                  <a href="https://domusbase.com/settings" style="color:#1D4ED8;text-decoration:underline;">
                    Manage notification preferences
                  </a>
                </div>
              </td>
            </tr>
          </table>
        </td>
      </tr>
    </table>
  </body>
</html>",
  "ownerMessage": {
    "html": "<!DOCTYPE html>
<html lang="en">
  <body style="margin:0;padding:24px;background-color:#FBFBF9;font-family:Arial,Helvetica,sans-serif;color:#191B1E;">
    
    <span style="display:none;font-size:1px;color:#FBFBF9;line-height:1px;max-height:0;max-width:0;opacity:0;overflow:hidden;">
      Message from Courtney &amp; Co about Oak &lt;House&gt;
    </span>
    <table role="presentation" width="100%" cellspacing="0" cellpadding="0" style="border-collapse:collapse;">
      <tr>
        <td align="center">
          <table role="presentation" width="100%" cellspacing="0" cellpadding="0" style="max-width:600px;border-collapse:collapse;">
            <tr>
              <td style="padding:20px 24px;background-color:#FFFFFF;border:1px solid #E6E6E0;border-bottom:none;border-radius:16px 16px 0 0;">
                <table role="presentation" width="100%" cellspacing="0" cellpadding="0" style="border-collapse:collapse;">
                  <tr>
                    <td style="vertical-align:middle;">
                      <div style="font-size:20px;font-weight:700;line-height:1.2;color:#191B1E;">Domus</div>
                      <div style="margin-top:4px;font-size:12px;line-height:1.4;color:#6F757C;">
                        Manage your rentals
                      </div>
                    </td>
                  </tr>
                </table>
              </td>
            </tr>
            <tr>
              <td style="padding:32px 24px;background-color:#FFFFFF;border-left:1px solid #E6E6E0;border-right:1px solid #E6E6E0;">
                <div style="font-size:24px;font-weight:700;line-height:1.3;color:#191B1E;">Message from Courtney &amp; Co</div>
                <div style="margin-top:14px;font-size:15px;line-height:1.7;color:#3A3F45;">
                  <p style="margin:0;">Hi Alexandra &amp; Morgan &lt;The Very Long Tenant Name&gt; O&#39;Connor-Smith,</p><p style="margin:16px 0 0 0;">Courtney &amp; Co sent you a message about <strong>Oak &lt;House&gt;</strong>.</p><div style="margin:16px 0 0 0;padding:16px;border-radius:16px;background-color:#F5F5F1;border:1px solid #E6E6E0;color:#3A3F45;">"Please call &amp; confirm"</div><p style="margin:16px 0 0 0;">Open Domus to reply or review the conversation.</p>
                </div>
                <table role="presentation" cellspacing="0" cellpadding="0" style="margin-top:24px;border-collapse:collapse;">
                  <tr>
                    <td align="center" bgcolor="#1D4ED8" style="border-radius:999px;">
                      <a
                        href="https://domusbase.com/tenant?tab=rent&amp;unit=B"
                        style="display:inline-block;padding:12px 22px;font-size:14px;font-weight:700;line-height:1;text-decoration:none;color:#FFFFFF;"
                      >
                        View in Domus
                      </a>
                    </td>
                  </tr>
                </table>
              </td>
            </tr>
            <tr>
              <td style="padding:18px 24px;background-color:#FFFFFF;border:1px solid #E6E6E0;border-top:none;border-radius:0 0 16px 16px;">
                <div style="font-size:12px;line-height:1.6;color:#6F757C;">
                  Domus. Manage your rentals.<br />
                  Manage rent, repairs, files, and messages in one place.
                </div>
                
                <div style="margin-top:8px;font-size:12px;line-height:1.6;color:#6F757C;">
                  <a href="https://domusbase.com/settings" style="color:#1D4ED8;text-decoration:underline;">
                    Manage notification preferences
                  </a>
                </div>
              </td>
            </tr>
          </table>
        </td>
      </tr>
    </table>
  </body>
</html>",
    "subject": "Message from Courtney & Co about Oak <House>",
    "text": "Hi Alexandra & Morgan <The Very Long Tenant Name> O'Connor-Smith,

Courtney & Co sent you a message about Oak <House>:

"Please call & confirm"

View in Domus: https://domusbase.com/tenant?tab=rent&unit=B

Manage notification preferences: https://domusbase.com/settings",
  },
  "propertyMessage": {
    "html": "<!DOCTYPE html>
<html lang="en">
  <body style="margin:0;padding:24px;background-color:#FBFBF9;font-family:Arial,Helvetica,sans-serif;color:#191B1E;">
    
    <span style="display:none;font-size:1px;color:#FBFBF9;line-height:1px;max-height:0;max-width:0;opacity:0;overflow:hidden;">
      Message from Manager &lt;M&gt; about Oak &amp; Elm
    </span>
    <table role="presentation" width="100%" cellspacing="0" cellpadding="0" style="border-collapse:collapse;">
      <tr>
        <td align="center">
          <table role="presentation" width="100%" cellspacing="0" cellpadding="0" style="max-width:600px;border-collapse:collapse;">
            <tr>
              <td style="padding:20px 24px;background-color:#FFFFFF;border:1px solid #E6E6E0;border-bottom:none;border-radius:16px 16px 0 0;">
                <table role="presentation" width="100%" cellspacing="0" cellpadding="0" style="border-collapse:collapse;">
                  <tr>
                    <td style="vertical-align:middle;">
                      <div style="font-size:20px;font-weight:700;line-height:1.2;color:#191B1E;">Domus</div>
                      <div style="margin-top:4px;font-size:12px;line-height:1.4;color:#6F757C;">
                        Manage your rentals
                      </div>
                    </td>
                  </tr>
                </table>
              </td>
            </tr>
            <tr>
              <td style="padding:32px 24px;background-color:#FFFFFF;border-left:1px solid #E6E6E0;border-right:1px solid #E6E6E0;">
                <div style="font-size:24px;font-weight:700;line-height:1.3;color:#191B1E;">Message from Manager &lt;M&gt;</div>
                <div style="margin-top:14px;font-size:15px;line-height:1.7;color:#3A3F45;">
                  <p style="margin:0;">Hi Alexandra &amp; Morgan &lt;The Very Long Tenant Name&gt; O&#39;Connor-Smith,</p><p style="margin:16px 0 0 0;">Manager &lt;M&gt; sent you a message about <strong>Oak &amp; Elm</strong>.</p><div style="margin:16px 0 0 0;padding:16px;border-radius:16px;background-color:#F5F5F1;border:1px solid #E6E6E0;color:#3A3F45;">"Hello &lt;tenant&gt;<br />Please reply"</div><p style="margin:16px 0 0 0;">Open Domus to reply or review the conversation.</p>
                </div>
                <table role="presentation" cellspacing="0" cellpadding="0" style="margin-top:24px;border-collapse:collapse;">
                  <tr>
                    <td align="center" bgcolor="#1D4ED8" style="border-radius:999px;">
                      <a
                        href="https://domusbase.com/tenant?tab=rent&amp;unit=B"
                        style="display:inline-block;padding:12px 22px;font-size:14px;font-weight:700;line-height:1;text-decoration:none;color:#FFFFFF;"
                      >
                        View in Domus
                      </a>
                    </td>
                  </tr>
                </table>
              </td>
            </tr>
            <tr>
              <td style="padding:18px 24px;background-color:#FFFFFF;border:1px solid #E6E6E0;border-top:none;border-radius:0 0 16px 16px;">
                <div style="font-size:12px;line-height:1.6;color:#6F757C;">
                  Domus. Manage your rentals.<br />
                  Manage rent, repairs, files, and messages in one place.
                </div>
                
                <div style="margin-top:8px;font-size:12px;line-height:1.6;color:#6F757C;">
                  <a href="https://domusbase.com/settings" style="color:#1D4ED8;text-decoration:underline;">
                    Manage notification preferences
                  </a>
                </div>
              </td>
            </tr>
          </table>
        </td>
      </tr>
    </table>
  </body>
</html>",
    "subject": "Message from Manager <M> about Oak & Elm",
    "text": "Hi Alexandra & Morgan <The Very Long Tenant Name> O'Connor-Smith,

Manager <M> sent you a message about Oak & Elm:

"Hello <tenant>
Please reply"

View in Domus: https://domusbase.com/tenant?tab=rent&unit=B

Manage notification preferences: https://domusbase.com/settings",
  },
  "reminders": [
    {
      "html": "<!DOCTYPE html>
<html lang="en">
  <body style="margin:0;padding:24px;background-color:#FBFBF9;font-family:Arial,Helvetica,sans-serif;color:#191B1E;">
    
    <span style="display:none;font-size:1px;color:#FBFBF9;line-height:1px;max-height:0;max-width:0;opacity:0;overflow:hidden;">
      Rent Reminder: $1,234.56 due on October 8, 2026
    </span>
    <table role="presentation" width="100%" cellspacing="0" cellpadding="0" style="border-collapse:collapse;">
      <tr>
        <td align="center">
          <table role="presentation" width="100%" cellspacing="0" cellpadding="0" style="max-width:600px;border-collapse:collapse;">
            <tr>
              <td style="padding:20px 24px;background-color:#FFFFFF;border:1px solid #E6E6E0;border-bottom:none;border-radius:16px 16px 0 0;">
                <table role="presentation" width="100%" cellspacing="0" cellpadding="0" style="border-collapse:collapse;">
                  <tr>
                    <td style="vertical-align:middle;">
                      <div style="font-size:20px;font-weight:700;line-height:1.2;color:#191B1E;">Domus</div>
                      <div style="margin-top:4px;font-size:12px;line-height:1.4;color:#6F757C;">
                        Manage your rentals
                      </div>
                    </td>
                  </tr>
                </table>
              </td>
            </tr>
            <tr>
              <td style="padding:32px 24px;background-color:#FFFFFF;border-left:1px solid #E6E6E0;border-right:1px solid #E6E6E0;">
                <div style="font-size:24px;font-weight:700;line-height:1.3;color:#191B1E;">Rent reminder</div>
                <div style="margin-top:14px;font-size:15px;line-height:1.7;color:#3A3F45;">
                  <p style="margin:0;">Hi Alexandra &amp; Morgan &lt;The Very Long Tenant Name&gt; O&#39;Connor-Smith, your rent of $1,234.56 for Oak &amp; Elm is due on October 8, 2026.</p><p style="margin:16px 0 0 0;">Open your dashboard to see what you owe and pay safely.</p>
                </div>
                <table role="presentation" cellspacing="0" cellpadding="0" style="margin-top:24px;border-collapse:collapse;">
                  <tr>
                    <td align="center" bgcolor="#1D4ED8" style="border-radius:999px;">
                      <a
                        href="https://domusbase.com/tenant?tab=rent&amp;unit=B"
                        style="display:inline-block;padding:12px 22px;font-size:14px;font-weight:700;line-height:1;text-decoration:none;color:#FFFFFF;"
                      >
                        Pay Rent
                      </a>
                    </td>
                  </tr>
                </table>
              </td>
            </tr>
            <tr>
              <td style="padding:18px 24px;background-color:#FFFFFF;border:1px solid #E6E6E0;border-top:none;border-radius:0 0 16px 16px;">
                <div style="font-size:12px;line-height:1.6;color:#6F757C;">
                  Domus. Manage your rentals.<br />
                  Manage rent, repairs, files, and messages in one place.
                </div>
                
                <div style="margin-top:8px;font-size:12px;line-height:1.6;color:#6F757C;">
                  <a href="https://domusbase.com/settings" style="color:#1D4ED8;text-decoration:underline;">
                    Manage notification preferences
                  </a>
                </div>
              </td>
            </tr>
          </table>
        </td>
      </tr>
    </table>
  </body>
</html>",
      "subject": "Rent Reminder: $1,234.56 due on October 8, 2026",
      "text": "Hi Alexandra & Morgan <The Very Long Tenant Name> O'Connor-Smith, your rent of $1,234.56 for Oak & Elm is due on October 8, 2026.

Pay rent: https://domusbase.com/tenant?tab=rent&unit=B

Manage notification preferences: https://domusbase.com/settings",
    },
    {
      "html": "<!DOCTYPE html>
<html lang="en">
  <body style="margin:0;padding:24px;background-color:#FBFBF9;font-family:Arial,Helvetica,sans-serif;color:#191B1E;">
    
    <span style="display:none;font-size:1px;color:#FBFBF9;line-height:1px;max-height:0;max-width:0;opacity:0;overflow:hidden;">
      Rent Due Today: $1,234.56
    </span>
    <table role="presentation" width="100%" cellspacing="0" cellpadding="0" style="border-collapse:collapse;">
      <tr>
        <td align="center">
          <table role="presentation" width="100%" cellspacing="0" cellpadding="0" style="max-width:600px;border-collapse:collapse;">
            <tr>
              <td style="padding:20px 24px;background-color:#FFFFFF;border:1px solid #E6E6E0;border-bottom:none;border-radius:16px 16px 0 0;">
                <table role="presentation" width="100%" cellspacing="0" cellpadding="0" style="border-collapse:collapse;">
                  <tr>
                    <td style="vertical-align:middle;">
                      <div style="font-size:20px;font-weight:700;line-height:1.2;color:#191B1E;">Domus</div>
                      <div style="margin-top:4px;font-size:12px;line-height:1.4;color:#6F757C;">
                        Manage your rentals
                      </div>
                    </td>
                  </tr>
                </table>
              </td>
            </tr>
            <tr>
              <td style="padding:32px 24px;background-color:#FFFFFF;border-left:1px solid #E6E6E0;border-right:1px solid #E6E6E0;">
                <div style="font-size:24px;font-weight:700;line-height:1.3;color:#191B1E;">Rent reminder</div>
                <div style="margin-top:14px;font-size:15px;line-height:1.7;color:#3A3F45;">
                  <p style="margin:0;">Hi Alexandra &amp; Morgan &lt;The Very Long Tenant Name&gt; O&#39;Connor-Smith, your rent of $1,234.56 for Oak &amp; Elm is due today.</p><p style="margin:16px 0 0 0;">Open your dashboard to see what you owe and pay safely.</p>
                </div>
                <table role="presentation" cellspacing="0" cellpadding="0" style="margin-top:24px;border-collapse:collapse;">
                  <tr>
                    <td align="center" bgcolor="#1D4ED8" style="border-radius:999px;">
                      <a
                        href="https://domusbase.com/tenant?tab=rent&amp;unit=B"
                        style="display:inline-block;padding:12px 22px;font-size:14px;font-weight:700;line-height:1;text-decoration:none;color:#FFFFFF;"
                      >
                        Pay Rent
                      </a>
                    </td>
                  </tr>
                </table>
              </td>
            </tr>
            <tr>
              <td style="padding:18px 24px;background-color:#FFFFFF;border:1px solid #E6E6E0;border-top:none;border-radius:0 0 16px 16px;">
                <div style="font-size:12px;line-height:1.6;color:#6F757C;">
                  Domus. Manage your rentals.<br />
                  Manage rent, repairs, files, and messages in one place.
                </div>
                
                <div style="margin-top:8px;font-size:12px;line-height:1.6;color:#6F757C;">
                  <a href="https://domusbase.com/settings" style="color:#1D4ED8;text-decoration:underline;">
                    Manage notification preferences
                  </a>
                </div>
              </td>
            </tr>
          </table>
        </td>
      </tr>
    </table>
  </body>
</html>",
      "subject": "Rent Due Today: $1,234.56",
      "text": "Hi Alexandra & Morgan <The Very Long Tenant Name> O'Connor-Smith, your rent of $1,234.56 for Oak & Elm is due today.

Pay rent: https://domusbase.com/tenant?tab=rent&unit=B

Manage notification preferences: https://domusbase.com/settings",
    },
    {
      "html": "<!DOCTYPE html>
<html lang="en">
  <body style="margin:0;padding:24px;background-color:#FBFBF9;font-family:Arial,Helvetica,sans-serif;color:#191B1E;">
    
    <span style="display:none;font-size:1px;color:#FBFBF9;line-height:1px;max-height:0;max-width:0;opacity:0;overflow:hidden;">
      Overdue Rent: $1,234.56 was due October 8, 2026
    </span>
    <table role="presentation" width="100%" cellspacing="0" cellpadding="0" style="border-collapse:collapse;">
      <tr>
        <td align="center">
          <table role="presentation" width="100%" cellspacing="0" cellpadding="0" style="max-width:600px;border-collapse:collapse;">
            <tr>
              <td style="padding:20px 24px;background-color:#FFFFFF;border:1px solid #E6E6E0;border-bottom:none;border-radius:16px 16px 0 0;">
                <table role="presentation" width="100%" cellspacing="0" cellpadding="0" style="border-collapse:collapse;">
                  <tr>
                    <td style="vertical-align:middle;">
                      <div style="font-size:20px;font-weight:700;line-height:1.2;color:#191B1E;">Domus</div>
                      <div style="margin-top:4px;font-size:12px;line-height:1.4;color:#6F757C;">
                        Manage your rentals
                      </div>
                    </td>
                  </tr>
                </table>
              </td>
            </tr>
            <tr>
              <td style="padding:32px 24px;background-color:#FFFFFF;border-left:1px solid #E6E6E0;border-right:1px solid #E6E6E0;">
                <div style="font-size:24px;font-weight:700;line-height:1.3;color:#191B1E;">Overdue rent reminder</div>
                <div style="margin-top:14px;font-size:15px;line-height:1.7;color:#3A3F45;">
                  <p style="margin:0;">Hi Alexandra &amp; Morgan &lt;The Very Long Tenant Name&gt; O&#39;Connor-Smith, your rent of $1,234.56 for Oak &amp; Elm was due October 8, 2026.
        It is now overdue. Please pay as soon as possible.</p><p style="margin:16px 0 0 0;">Open your dashboard to see what you owe and pay safely.</p>
                </div>
                <table role="presentation" cellspacing="0" cellpadding="0" style="margin-top:24px;border-collapse:collapse;">
                  <tr>
                    <td align="center" bgcolor="#1D4ED8" style="border-radius:999px;">
                      <a
                        href="https://domusbase.com/tenant?tab=rent&amp;unit=B"
                        style="display:inline-block;padding:12px 22px;font-size:14px;font-weight:700;line-height:1;text-decoration:none;color:#FFFFFF;"
                      >
                        Pay Rent
                      </a>
                    </td>
                  </tr>
                </table>
              </td>
            </tr>
            <tr>
              <td style="padding:18px 24px;background-color:#FFFFFF;border:1px solid #E6E6E0;border-top:none;border-radius:0 0 16px 16px;">
                <div style="font-size:12px;line-height:1.6;color:#6F757C;">
                  Domus. Manage your rentals.<br />
                  Manage rent, repairs, files, and messages in one place.
                </div>
                
                <div style="margin-top:8px;font-size:12px;line-height:1.6;color:#6F757C;">
                  <a href="https://domusbase.com/settings" style="color:#1D4ED8;text-decoration:underline;">
                    Manage notification preferences
                  </a>
                </div>
              </td>
            </tr>
          </table>
        </td>
      </tr>
    </table>
  </body>
</html>",
      "subject": "Overdue Rent: $1,234.56 was due October 8, 2026",
      "text": "Hi Alexandra & Morgan <The Very Long Tenant Name> O'Connor-Smith, your rent of $1,234.56 for Oak & Elm was due October 8, 2026.
        It is now overdue. Please pay as soon as possible.

Pay rent: https://domusbase.com/tenant?tab=rent&unit=B

Manage notification preferences: https://domusbase.com/settings",
    },
  ],
  "shell": "<!DOCTYPE html>
<html lang="en">
  <body style="margin:0;padding:24px;background-color:#FBFBF9;font-family:Arial,Helvetica,sans-serif;color:#191B1E;">
    
    <span style="display:none;font-size:1px;color:#FBFBF9;line-height:1px;max-height:0;max-width:0;opacity:0;overflow:hidden;">
      Preview &lt;rent&gt;
    </span>
    <table role="presentation" width="100%" cellspacing="0" cellpadding="0" style="border-collapse:collapse;">
      <tr>
        <td align="center">
          <table role="presentation" width="100%" cellspacing="0" cellpadding="0" style="max-width:600px;border-collapse:collapse;">
            <tr>
              <td style="padding:20px 24px;background-color:#FFFFFF;border:1px solid #E6E6E0;border-bottom:none;border-radius:16px 16px 0 0;">
                <table role="presentation" width="100%" cellspacing="0" cellpadding="0" style="border-collapse:collapse;">
                  <tr>
                    <td style="vertical-align:middle;">
                      <div style="font-size:20px;font-weight:700;line-height:1.2;color:#191B1E;">Domus</div>
                      <div style="margin-top:4px;font-size:12px;line-height:1.4;color:#6F757C;">
                        Manage your rentals
                      </div>
                    </td>
                  </tr>
                </table>
              </td>
            </tr>
            <tr>
              <td style="padding:32px 24px;background-color:#FFFFFF;border-left:1px solid #E6E6E0;border-right:1px solid #E6E6E0;">
                <div style="font-size:24px;font-weight:700;line-height:1.3;color:#191B1E;"><strong>Title</strong></div>
                <div style="margin-top:14px;font-size:15px;line-height:1.7;color:#3A3F45;">
                  <p>Body</p>
                </div>
                <table role="presentation" cellspacing="0" cellpadding="0" style="margin-top:24px;border-collapse:collapse;">
                  <tr>
                    <td align="center" bgcolor="#1D4ED8" style="border-radius:999px;">
                      <a
                        href="https://domusbase.com/tenant?tab=rent&amp;unit=B"
                        style="display:inline-block;padding:12px 22px;font-size:14px;font-weight:700;line-height:1;text-decoration:none;color:#FFFFFF;"
                      >
                        Open &amp; pay
                      </a>
                    </td>
                  </tr>
                </table>
              </td>
            </tr>
            <tr>
              <td style="padding:18px 24px;background-color:#FFFFFF;border:1px solid #E6E6E0;border-top:none;border-radius:0 0 16px 16px;">
                <div style="font-size:12px;line-height:1.6;color:#6F757C;">
                  Domus. Manage your rentals.<br />
                  Manage rent, repairs, files, and messages in one place.
                </div>
                
                <div style="margin-top:8px;font-size:12px;line-height:1.6;color:#6F757C;">
                  <a href="https://domusbase.com/tenant?tab=rent&amp;unit=B" style="color:#1D4ED8;text-decoration:underline;">
                    Manage notification preferences
                  </a>
                </div>
              </td>
            </tr>
          </table>
        </td>
      </tr>
    </table>
  </body>
</html>",
  "shellMinimal": "<!DOCTYPE html>
<html lang="en">
  <body style="margin:0;padding:24px;background-color:#FBFBF9;font-family:Arial,Helvetica,sans-serif;color:#191B1E;">
    
    <table role="presentation" width="100%" cellspacing="0" cellpadding="0" style="border-collapse:collapse;">
      <tr>
        <td align="center">
          <table role="presentation" width="100%" cellspacing="0" cellpadding="0" style="max-width:600px;border-collapse:collapse;">
            <tr>
              <td style="padding:20px 24px;background-color:#FFFFFF;border:1px solid #E6E6E0;border-bottom:none;border-radius:16px 16px 0 0;">
                <table role="presentation" width="100%" cellspacing="0" cellpadding="0" style="border-collapse:collapse;">
                  <tr>
                    <td style="vertical-align:middle;">
                      <div style="font-size:20px;font-weight:700;line-height:1.2;color:#191B1E;">Domus</div>
                      <div style="margin-top:4px;font-size:12px;line-height:1.4;color:#6F757C;">
                        Manage your rentals
                      </div>
                    </td>
                  </tr>
                </table>
              </td>
            </tr>
            <tr>
              <td style="padding:32px 24px;background-color:#FFFFFF;border-left:1px solid #E6E6E0;border-right:1px solid #E6E6E0;">
                <div style="font-size:24px;font-weight:700;line-height:1.3;color:#191B1E;">Title</div>
                <div style="margin-top:14px;font-size:15px;line-height:1.7;color:#3A3F45;">
                  Body
                </div>
                <table role="presentation" cellspacing="0" cellpadding="0" style="margin-top:24px;border-collapse:collapse;">
                  <tr>
                    <td align="center" bgcolor="#1D4ED8" style="border-radius:999px;">
                      <a
                        href="https://domusbase.com/tenant?tab=rent&amp;unit=B"
                        style="display:inline-block;padding:12px 22px;font-size:14px;font-weight:700;line-height:1;text-decoration:none;color:#FFFFFF;"
                      >
                        Open
                      </a>
                    </td>
                  </tr>
                </table>
              </td>
            </tr>
            <tr>
              <td style="padding:18px 24px;background-color:#FFFFFF;border:1px solid #E6E6E0;border-top:none;border-radius:0 0 16px 16px;">
                <div style="font-size:12px;line-height:1.6;color:#6F757C;">
                  Domus. Manage your rentals.<br />
                  Manage rent, repairs, files, and messages in one place.
                </div>
                
              </td>
            </tr>
          </table>
        </td>
      </tr>
    </table>
  </body>
</html>",
  "tenantInvite": {
    "html": "<!DOCTYPE html>
<html lang="en">
  <body style="margin:0;padding:24px;background-color:#FBFBF9;font-family:Arial,Helvetica,sans-serif;color:#191B1E;">
    
    <span style="display:none;font-size:1px;color:#FBFBF9;line-height:1px;max-height:0;max-width:0;opacity:0;overflow:hidden;">
      Courtney &amp; Co invited you to Domus
    </span>
    <table role="presentation" width="100%" cellspacing="0" cellpadding="0" style="border-collapse:collapse;">
      <tr>
        <td align="center">
          <table role="presentation" width="100%" cellspacing="0" cellpadding="0" style="max-width:600px;border-collapse:collapse;">
            <tr>
              <td style="padding:20px 24px;background-color:#FFFFFF;border:1px solid #E6E6E0;border-bottom:none;border-radius:16px 16px 0 0;">
                <table role="presentation" width="100%" cellspacing="0" cellpadding="0" style="border-collapse:collapse;">
                  <tr>
                    <td style="vertical-align:middle;">
                      <div style="font-size:20px;font-weight:700;line-height:1.2;color:#191B1E;">Domus</div>
                      <div style="margin-top:4px;font-size:12px;line-height:1.4;color:#6F757C;">
                        Manage your rentals
                      </div>
                    </td>
                  </tr>
                </table>
              </td>
            </tr>
            <tr>
              <td style="padding:32px 24px;background-color:#FFFFFF;border-left:1px solid #E6E6E0;border-right:1px solid #E6E6E0;">
                <div style="font-size:24px;font-weight:700;line-height:1.3;color:#191B1E;">Welcome to Domus</div>
                <div style="margin-top:14px;font-size:15px;line-height:1.7;color:#3A3F45;">
                  <p style="margin:0;">Hi Alexandra &amp; Morgan &lt;The Very Long Tenant Name&gt; O&#39;Connor-Smith,</p><p style="margin:16px 0 0 0;">Courtney &amp; Co invited you to Domus to manage your rental at <strong>Oak &lt;House&gt; (123 Oak &amp; Elm St), B</strong>.</p><p style="margin:16px 0 0 0;">Your monthly rent is <strong>$1,234.56</strong>.</p><p style="margin:16px 0 0 0;">Lease term: 2026-11-01 to 2027-10-31.</p><p style="margin:16px 0 0 0;">Accept the invite and set your password. Then view your lease, report problems, and pay rent.</p>
                </div>
                <table role="presentation" cellspacing="0" cellpadding="0" style="margin-top:24px;border-collapse:collapse;">
                  <tr>
                    <td align="center" bgcolor="#1D4ED8" style="border-radius:999px;">
                      <a
                        href="https://domusbase.com/tenant?tab=rent&amp;unit=B"
                        style="display:inline-block;padding:12px 22px;font-size:14px;font-weight:700;line-height:1;text-decoration:none;color:#FFFFFF;"
                      >
                        Accept Invitation &amp; Set Up Your Account
                      </a>
                    </td>
                  </tr>
                </table>
              </td>
            </tr>
            <tr>
              <td style="padding:18px 24px;background-color:#FFFFFF;border:1px solid #E6E6E0;border-top:none;border-radius:0 0 16px 16px;">
                <div style="font-size:12px;line-height:1.6;color:#6F757C;">
                  Domus. Manage your rentals.<br />
                  Manage rent, repairs, files, and messages in one place.
                </div>
                
                <div style="margin-top:8px;font-size:12px;line-height:1.6;color:#6F757C;">
                  <a href="https://domusbase.com/settings" style="color:#1D4ED8;text-decoration:underline;">
                    Manage notification preferences
                  </a>
                </div>
              </td>
            </tr>
          </table>
        </td>
      </tr>
    </table>
  </body>
</html>",
    "subject": "Courtney & Co invited you to Domus",
    "text": "Hi Alexandra & Morgan <The Very Long Tenant Name> O'Connor-Smith,
Courtney & Co invited you to Domus to manage your rental at Oak <House> (123 Oak & Elm St), B.
Monthly rent: $1,234.56
Lease term: 2026-11-01 to 2027-10-31.
Accept invitation: https://domusbase.com/tenant?tab=rent&unit=B
Pay rent, report problems, and view your lease in Domus.",
  },
  "tenantInviteEndOnly": {
    "html": "<!DOCTYPE html>
<html lang="en">
  <body style="margin:0;padding:24px;background-color:#FBFBF9;font-family:Arial,Helvetica,sans-serif;color:#191B1E;">
    
    <span style="display:none;font-size:1px;color:#FBFBF9;line-height:1px;max-height:0;max-width:0;opacity:0;overflow:hidden;">
      Courtney invited you to Domus
    </span>
    <table role="presentation" width="100%" cellspacing="0" cellpadding="0" style="border-collapse:collapse;">
      <tr>
        <td align="center">
          <table role="presentation" width="100%" cellspacing="0" cellpadding="0" style="max-width:600px;border-collapse:collapse;">
            <tr>
              <td style="padding:20px 24px;background-color:#FFFFFF;border:1px solid #E6E6E0;border-bottom:none;border-radius:16px 16px 0 0;">
                <table role="presentation" width="100%" cellspacing="0" cellpadding="0" style="border-collapse:collapse;">
                  <tr>
                    <td style="vertical-align:middle;">
                      <div style="font-size:20px;font-weight:700;line-height:1.2;color:#191B1E;">Domus</div>
                      <div style="margin-top:4px;font-size:12px;line-height:1.4;color:#6F757C;">
                        Manage your rentals
                      </div>
                    </td>
                  </tr>
                </table>
              </td>
            </tr>
            <tr>
              <td style="padding:32px 24px;background-color:#FFFFFF;border-left:1px solid #E6E6E0;border-right:1px solid #E6E6E0;">
                <div style="font-size:24px;font-weight:700;line-height:1.3;color:#191B1E;">Welcome to Domus</div>
                <div style="margin-top:14px;font-size:15px;line-height:1.7;color:#3A3F45;">
                  <p style="margin:0;">Hi Alex,</p><p style="margin:16px 0 0 0;">Courtney invited you to Domus to manage your rental at <strong>123 Oak St</strong>.</p><p style="margin:16px 0 0 0;">Lease end: 2027-10-31.</p><p style="margin:16px 0 0 0;">Accept the invite and set your password. Then view your lease, report problems, and pay rent.</p>
                </div>
                <table role="presentation" cellspacing="0" cellpadding="0" style="margin-top:24px;border-collapse:collapse;">
                  <tr>
                    <td align="center" bgcolor="#1D4ED8" style="border-radius:999px;">
                      <a
                        href="https://domusbase.com/tenant?tab=rent&amp;unit=B"
                        style="display:inline-block;padding:12px 22px;font-size:14px;font-weight:700;line-height:1;text-decoration:none;color:#FFFFFF;"
                      >
                        Accept Invitation &amp; Set Up Your Account
                      </a>
                    </td>
                  </tr>
                </table>
              </td>
            </tr>
            <tr>
              <td style="padding:18px 24px;background-color:#FFFFFF;border:1px solid #E6E6E0;border-top:none;border-radius:0 0 16px 16px;">
                <div style="font-size:12px;line-height:1.6;color:#6F757C;">
                  Domus. Manage your rentals.<br />
                  Manage rent, repairs, files, and messages in one place.
                </div>
                
                <div style="margin-top:8px;font-size:12px;line-height:1.6;color:#6F757C;">
                  <a href="https://domusbase.com/settings" style="color:#1D4ED8;text-decoration:underline;">
                    Manage notification preferences
                  </a>
                </div>
              </td>
            </tr>
          </table>
        </td>
      </tr>
    </table>
  </body>
</html>",
    "subject": "Courtney invited you to Domus",
    "text": "Hi Alex,
Courtney invited you to Domus to manage your rental at 123 Oak St.
Lease end: 2027-10-31.
Accept invitation: https://domusbase.com/tenant?tab=rent&unit=B
Pay rent, report problems, and view your lease in Domus.",
  },
  "tenantInviteMinimal": {
    "html": "<!DOCTYPE html>
<html lang="en">
  <body style="margin:0;padding:24px;background-color:#FBFBF9;font-family:Arial,Helvetica,sans-serif;color:#191B1E;">
    
    <span style="display:none;font-size:1px;color:#FBFBF9;line-height:1px;max-height:0;max-width:0;opacity:0;overflow:hidden;">
      Courtney invited you to Domus
    </span>
    <table role="presentation" width="100%" cellspacing="0" cellpadding="0" style="border-collapse:collapse;">
      <tr>
        <td align="center">
          <table role="presentation" width="100%" cellspacing="0" cellpadding="0" style="max-width:600px;border-collapse:collapse;">
            <tr>
              <td style="padding:20px 24px;background-color:#FFFFFF;border:1px solid #E6E6E0;border-bottom:none;border-radius:16px 16px 0 0;">
                <table role="presentation" width="100%" cellspacing="0" cellpadding="0" style="border-collapse:collapse;">
                  <tr>
                    <td style="vertical-align:middle;">
                      <div style="font-size:20px;font-weight:700;line-height:1.2;color:#191B1E;">Domus</div>
                      <div style="margin-top:4px;font-size:12px;line-height:1.4;color:#6F757C;">
                        Manage your rentals
                      </div>
                    </td>
                  </tr>
                </table>
              </td>
            </tr>
            <tr>
              <td style="padding:32px 24px;background-color:#FFFFFF;border-left:1px solid #E6E6E0;border-right:1px solid #E6E6E0;">
                <div style="font-size:24px;font-weight:700;line-height:1.3;color:#191B1E;">Welcome to Domus</div>
                <div style="margin-top:14px;font-size:15px;line-height:1.7;color:#3A3F45;">
                  <p style="margin:0;">Hi Alex,</p><p style="margin:16px 0 0 0;">Courtney invited you to Domus to manage your rental at <strong>123 Oak St</strong>.</p><p style="margin:16px 0 0 0;">Accept the invite and set your password. Then view your lease, report problems, and pay rent.</p>
                </div>
                <table role="presentation" cellspacing="0" cellpadding="0" style="margin-top:24px;border-collapse:collapse;">
                  <tr>
                    <td align="center" bgcolor="#1D4ED8" style="border-radius:999px;">
                      <a
                        href="https://domusbase.com/tenant?tab=rent&amp;unit=B"
                        style="display:inline-block;padding:12px 22px;font-size:14px;font-weight:700;line-height:1;text-decoration:none;color:#FFFFFF;"
                      >
                        Accept Invitation &amp; Set Up Your Account
                      </a>
                    </td>
                  </tr>
                </table>
              </td>
            </tr>
            <tr>
              <td style="padding:18px 24px;background-color:#FFFFFF;border:1px solid #E6E6E0;border-top:none;border-radius:0 0 16px 16px;">
                <div style="font-size:12px;line-height:1.6;color:#6F757C;">
                  Domus. Manage your rentals.<br />
                  Manage rent, repairs, files, and messages in one place.
                </div>
                
                <div style="margin-top:8px;font-size:12px;line-height:1.6;color:#6F757C;">
                  <a href="https://domusbase.com/settings" style="color:#1D4ED8;text-decoration:underline;">
                    Manage notification preferences
                  </a>
                </div>
              </td>
            </tr>
          </table>
        </td>
      </tr>
    </table>
  </body>
</html>",
    "subject": "Courtney invited you to Domus",
    "text": "Hi Alex,
Courtney invited you to Domus to manage your rental at 123 Oak St.
Accept invitation: https://domusbase.com/tenant?tab=rent&unit=B
Pay rent, report problems, and view your lease in Domus.",
  },
  "tenantInviteStartOnly": {
    "html": "<!DOCTYPE html>
<html lang="en">
  <body style="margin:0;padding:24px;background-color:#FBFBF9;font-family:Arial,Helvetica,sans-serif;color:#191B1E;">
    
    <span style="display:none;font-size:1px;color:#FBFBF9;line-height:1px;max-height:0;max-width:0;opacity:0;overflow:hidden;">
      Courtney invited you to Domus
    </span>
    <table role="presentation" width="100%" cellspacing="0" cellpadding="0" style="border-collapse:collapse;">
      <tr>
        <td align="center">
          <table role="presentation" width="100%" cellspacing="0" cellpadding="0" style="max-width:600px;border-collapse:collapse;">
            <tr>
              <td style="padding:20px 24px;background-color:#FFFFFF;border:1px solid #E6E6E0;border-bottom:none;border-radius:16px 16px 0 0;">
                <table role="presentation" width="100%" cellspacing="0" cellpadding="0" style="border-collapse:collapse;">
                  <tr>
                    <td style="vertical-align:middle;">
                      <div style="font-size:20px;font-weight:700;line-height:1.2;color:#191B1E;">Domus</div>
                      <div style="margin-top:4px;font-size:12px;line-height:1.4;color:#6F757C;">
                        Manage your rentals
                      </div>
                    </td>
                  </tr>
                </table>
              </td>
            </tr>
            <tr>
              <td style="padding:32px 24px;background-color:#FFFFFF;border-left:1px solid #E6E6E0;border-right:1px solid #E6E6E0;">
                <div style="font-size:24px;font-weight:700;line-height:1.3;color:#191B1E;">Welcome to Domus</div>
                <div style="margin-top:14px;font-size:15px;line-height:1.7;color:#3A3F45;">
                  <p style="margin:0;">Hi Alex,</p><p style="margin:16px 0 0 0;">Courtney invited you to Domus to manage your rental at <strong>123 Oak St</strong>.</p><p style="margin:16px 0 0 0;">Lease start: 2026-11-01.</p><p style="margin:16px 0 0 0;">Accept the invite and set your password. Then view your lease, report problems, and pay rent.</p>
                </div>
                <table role="presentation" cellspacing="0" cellpadding="0" style="margin-top:24px;border-collapse:collapse;">
                  <tr>
                    <td align="center" bgcolor="#1D4ED8" style="border-radius:999px;">
                      <a
                        href="https://domusbase.com/tenant?tab=rent&amp;unit=B"
                        style="display:inline-block;padding:12px 22px;font-size:14px;font-weight:700;line-height:1;text-decoration:none;color:#FFFFFF;"
                      >
                        Accept Invitation &amp; Set Up Your Account
                      </a>
                    </td>
                  </tr>
                </table>
              </td>
            </tr>
            <tr>
              <td style="padding:18px 24px;background-color:#FFFFFF;border:1px solid #E6E6E0;border-top:none;border-radius:0 0 16px 16px;">
                <div style="font-size:12px;line-height:1.6;color:#6F757C;">
                  Domus. Manage your rentals.<br />
                  Manage rent, repairs, files, and messages in one place.
                </div>
                
                <div style="margin-top:8px;font-size:12px;line-height:1.6;color:#6F757C;">
                  <a href="https://domusbase.com/settings" style="color:#1D4ED8;text-decoration:underline;">
                    Manage notification preferences
                  </a>
                </div>
              </td>
            </tr>
          </table>
        </td>
      </tr>
    </table>
  </body>
</html>",
    "subject": "Courtney invited you to Domus",
    "text": "Hi Alex,
Courtney invited you to Domus to manage your rental at 123 Oak St.
Lease start: 2026-11-01.
Accept invitation: https://domusbase.com/tenant?tab=rent&unit=B
Pay rent, report problems, and view your lease in Domus.",
  },
}
`;
