// Vitest Snapshot v1, https://vitest.dev/guide/snapshot.html

exports[`PDF data original output > locks every exported pure builder 1`] = `
{
  "leaseSummary": {
    "depositFormatted": "$0.00",
    "dueDayLabel": "Day 1 of each month",
    "generatedAt": "Oct 7, 2026, 6:30 PM",
    "gracePeriodLabel": "0 days",
    "lateFeeFormatted": "$0.00",
    "leaseNumber": "LEASE-LEASE123",
    "leasePeriodLabel": "Nov 1, 2026 - Oct 31, 2027",
    "leaseStatusLabel": "Active",
    "monthlyRentFormatted": "$1,234.56",
    "propertyAddress": "123 Oak St, Denver, CO, 80203",
    "propertyName": "Oak & Elm <House>",
    "tenantEmail": "alex@example.com",
    "tenantName": "Alexandra & Morgan O'Connor-Smith with a Very Long Name",
    "unitLabel": "Unit B",
  },
  "leaseSummaryFileName": "domus-lease-summary-lease-12345678.pdf",
  "receipt": {
    "amountFormatted": "$1,234.56",
    "categoryLabel": "Late Fee",
    "dueDate": "Oct 1, 2026",
    "generatedAt": "Oct 7, 2026, 6:30 PM",
    "leaseLabel": "Nov 1, 2026 - Oct 31, 2027",
    "paidDate": "Oct 7, 2026, 5:00 PM",
    "paymentMethod": "ACH",
    "propertyAddress": "123 Oak St, Denver, CO, 80203",
    "propertyName": "Oak & Elm <House>",
    "receiptNumber": "DOM-PAY12345",
    "referenceNote": "Rent & fees <paid>",
    "tenantName": "Alexandra & Morgan O'Connor-Smith with a Very Long Name",
    "unitLabel": "Unit B",
  },
  "receiptFileName": "domus-receipt-charge-1.pdf",
  "receiptNumber": "DOM-PAY12345",
  "receiptNumberFallback": "DOM----",
  "receiptOptionalAbsent": {
    "amountFormatted": "$0.00",
    "categoryLabel": "Rent",
    "dueDate": "Oct 1, 2026",
    "generatedAt": "Oct 7, 2026, 6:30 PM",
    "leaseLabel": "Nov 1, 2026 - Oct 31, 2027",
    "paidDate": "Oct 7, 2026, 5:00 PM",
    "paymentMethod": "Other",
    "propertyAddress": "Oak & Elm <House>",
    "propertyName": "Oak & Elm <House>",
    "receiptNumber": "DOM-PAY12345",
    "referenceNote": null,
    "tenantName": "Tenant",
    "unitLabel": "Unit B",
  },
  "receiptsExportFileName": "domus-receipts-2026.pdf",
}
`;
